// Vitest Snapshot v1, https://vitest.dev/guide/snapshot.html

exports[`<Error /> > should match the snapshot 1`] = `
<div>
  <div
    class="Error"
    data-testid="Error"
  >
    <h3
      class="Heading header"
      data-testid="Heading"
    >
      <svg>
        error.svg
      </svg>
      Error:
    </h3>
    <h4
      class="Heading"
      data-testid="Heading"
    >
      foobar
    </h4>
  </div>
</div>
`;
