// Jest Snapshot v1, https://goo.gl/fbAQLP

exports[`<ToggleButton /> should match the snapshot 1`] = `
<div>
  <button
    class="ToggleButton contained secondary"
    data-testid="ToggleButton"
    type="button"
  >
    <span
      class="content"
    />
  </button>
</div>
`;
