// Vitest Snapshot v1, https://vitest.dev/guide/snapshot.html

exports[`<BackupList /> > should match the snapshot 1`] = `
<div>
  <div
    class="BackupList"
    data-testid="BackupList"
  />
</div>
`;
