// Jest Snapshot v1, https://goo.gl/fbAQLP

exports[`<AppNavBar /> should match the snapshot 1`] = `
<div>
  <div
    class="AppNavBar"
    data-testid="AppNavBar"
  >
    <a
      href="/baldurs-gate-3"
    >
      <img
        alt="Baldur's Gate 3 Logo"
        src="BG3-logo.png"
      />
    </a>
  </div>
</div>
`;
