// Jest Snapshot v1, https://goo.gl/fbAQLP

exports[`<EmptyList /> should match the snapshot 1`] = `
<div>
  <div
    class="Card EmptyList"
    data-testid="Card"
  />
</div>
`;
