// Jest Snapshot v1, https://goo.gl/fbAQLP

exports[`<Container /> should match the snapshot 1`] = `
<div>
  <div
    class="Container"
    data-testid="Container"
  />
</div>
`;
