// Vitest Snapshot v1, https://vitest.dev/guide/snapshot.html

exports[`<ModFileSection /> > should match the snapshot 1`] = `
<div>
  <div
    class="ModFileSection"
    data-testid="ModFileSection"
  >
    <div
      class="StickyBlock"
      data-testid="StickyBlock"
    >
      <h3
        class="Heading"
        data-testid="Heading"
      >
        Modification Files
      </h3>
    </div>
  </div>
</div>
`;
