// Jest Snapshot v1, https://goo.gl/fbAQLP

exports[`<BaldursGate3 /> should match the snapshot 1`] = `
<div>
  <div
    class="BaldursGate3"
    data-testid="BaldursGate3"
  />
</div>
`;
