// Jest Snapshot v1, https://goo.gl/fbAQLP

exports[`<Checkbox /> should match the snapshot 1`] = `
<div>
  <label
    class="Checkbox"
    data-testid="Checkbox"
  >
    <input
      class="input"
      type="checkbox"
      value=""
    />
    <div
      class="container"
    >
      <div
        class="box"
      >
        <svg
          class="tick"
        >
          tick.svg
        </svg>
      </div>
    </div>
  </label>
</div>
`;
