// Vitest Snapshot v1, https://vitest.dev/guide/snapshot.html

exports[`<Select /> > should match the snapshot 1`] = `
<div>
  <label
    class="Select"
    data-testid="Select"
  >
    <div
      aria-controls="listbox1"
      aria-expanded="false"
      class="container"
      role="combobox"
      tabindex="0"
    >
      <input
        autocomplete="chrome-off"
        type="text"
        value="marklar"
      />
      <div
        class="suffix"
      >
        <svg>
          arrow-down.svg
        </svg>
      </div>
    </div>
    <div
      class="errorContainer"
    >
      <p
        class="Text error small"
        data-testid="Text"
      />
    </div>
  </label>
</div>
`;
