// Vitest Snapshot v1, https://vitest.dev/guide/snapshot.html

exports[`<Link /> > should match the snapshot 1`] = `
<div>
  <a
    class="Link contained primary"
    data-testid="Link"
    href="http://localhost/marklar"
    rel="noopener"
  />
</div>
`;
