// Vitest Snapshot v1, https://vitest.dev/guide/snapshot.html

exports[`<ToggleActiveModButton /> > should match the snapshot 1`] = `
<div>
  <button
    class="Button ToggleActiveModButton contained primary"
    data-testid="Button"
    type="button"
  >
    <svg
      class="Spinner spinner"
    >
      bars.svg
    </svg>
    <span
      class="content"
    >
      Deactivate
    </span>
  </button>
</div>
`;
