// Vitest Snapshot v1, https://vitest.dev/guide/snapshot.html

exports[`<Card /> > should match the snapshot 1`] = `
<div>
  <div
    class="Card"
    data-testid="Card"
  />
</div>
`;
