// Jest Snapshot v1, https://goo.gl/fbAQLP

exports[`<Menu /> should match the snapshot 1`] = `<div />`;
