// Jest Snapshot v1, https://goo.gl/fbAQLP

exports[`<Button /> should match the snapshot 1`] = `
<div>
  <button
    class="Button contained primary"
    data-testid="Button"
    type="button"
  >
    <span
      class="content"
    />
  </button>
</div>
`;
