// Vitest Snapshot v1, https://vitest.dev/guide/snapshot.html

exports[`<Heading /> > should match the snapshot 1`] = `
<div>
  <h3
    class="Heading"
    data-testid="Heading"
  />
</div>
`;
