// Vitest Snapshot v1, https://vitest.dev/guide/snapshot.html

exports[`<LazyImage /> > should match the snapshot 1`] = `
<div>
  <picture
    class="LazyImage"
    data-testid="LazyImage"
  >
    <img
      class=""
    />
    <svg
      class="skeleton"
    >
      skeleton.svg
    </svg>
  </picture>
</div>
`;
