// Jest Snapshot v1, https://goo.gl/fbAQLP

exports[`<Heading /> should match the snapshot 1`] = `
<div>
  <h3
    class="Heading"
    data-testid="Heading"
  />
</div>
`;
