// Jest Snapshot v1, https://goo.gl/fbAQLP

exports[`<Table /> should match the snapshot 1`] = `
<div>
  <table
    class="Table"
    data-testid="Table"
  />
</div>
`;
