// Vitest Snapshot v1, https://vitest.dev/guide/snapshot.html

exports[`<EmptyList /> > should match the snapshot 1`] = `
<div>
  <div
    class="Card EmptyList"
    data-testid="Card"
  />
</div>
`;
